Started GET "/api/products" for 172.18.0.1 at 2026-07-26 10:07:40 +0000
  [1m[35m (15.0ms)[0m  [1m[35mCREATE TABLE "schema_migrations" ("version" character varying NOT NULL PRIMARY KEY)[0m
  [1m[35m (7.1ms)[0m  [1m[35mCREATE TABLE "ar_internal_metadata" ("key" character varying NOT NULL PRIMARY KEY, "value" character varying, "created_at" timestamp(6) NOT NULL, "updated_at" timestamp(6) NOT NULL)[0m
  [1m[36mActiveRecord::SchemaMigration Load (1.8ms)[0m  [1m[34mSELECT "schema_migrations"."version" FROM "schema_migrations" ORDER BY "schema_migrations"."version" ASC[0m
  
ActiveRecord::PendingMigrationError (

Migrations are pending. To resolve this issue, run:

        bin/rails db:migrate

You have 1 pending migration:

db/migrate/000001_create_products.rb


):
  
activerecord (7.1.6) lib/active_record/migration.rb:755:in 'ActiveRecord::Migration.check_pending_migrations'
activerecord (7.1.6) lib/active_record/migration.rb:644:in 'block (2 levels) in ActiveRecord::Migration::CheckPending#call'
activesupport (7.1.6) lib/active_support/file_update_checker.rb:85:in 'ActiveSupport::FileUpdateChecker#execute'
activerecord (7.1.6) lib/active_record/migration.rb:649:in 'block in ActiveRecord::Migration::CheckPending#call'
activerecord (7.1.6) lib/active_record/migration.rb:641:in 'Thread::Mutex#synchronize'
activerecord (7.1.6) lib/active_record/migration.rb:641:in 'ActiveRecord::Migration::CheckPending#call'
actionpack (7.1.6) lib/action_dispatch/middleware/callbacks.rb:29:in 'block in ActionDispatch::Callbacks#call'
activesupport (7.1.6) lib/active_support/callbacks.rb:101:in 'ActiveSupport::Callbacks#run_callbacks'
actionpack (7.1.6) lib/action_dispatch/middleware/callbacks.rb:28:in 'ActionDispatch::Callbacks#call'
actionpack (7.1.6) lib/action_dispatch/middleware/executor.rb:14:in 'ActionDispatch::Executor#call'
actionpack (7.1.6) lib/action_dispatch/middleware/actionable_exceptions.rb:16:in 'ActionDispatch::ActionableExceptions#call'
actionpack (7.1.6) lib/action_dispatch/middleware/debug_exceptions.rb:29:in 'ActionDispatch::DebugExceptions#call'
actionpack (7.1.6) lib/action_dispatch/middleware/show_exceptions.rb:31:in 'ActionDispatch::ShowExceptions#call'
railties (7.1.6) lib/rails/rack/logger.rb:37:in 'Rails::Rack::Logger#call_app'
railties (7.1.6) lib/rails/rack/logger.rb:24:in 'block in Rails::Rack::Logger#call'
activesupport (7.1.6) lib/active_support/tagged_logging.rb:139:in 'block in ActiveSupport::TaggedLogging#tagged'
activesupport (7.1.6) lib/active_support/tagged_logging.rb:39:in 'ActiveSupport::TaggedLogging::Formatter#tagged'
activesupport (7.1.6) lib/active_support/tagged_logging.rb:139:in 'ActiveSupport::TaggedLogging#tagged'
activesupport (7.1.6) lib/active_support/broadcast_logger.rb:241:in 'ActiveSupport::BroadcastLogger#method_missing'
railties (7.1.6) lib/rails/rack/logger.rb:24:in 'Rails::Rack::Logger#call'
actionpack (7.1.6) lib/action_dispatch/middleware/remote_ip.rb:92:in 'ActionDispatch::RemoteIp#call'
actionpack (7.1.6) lib/action_dispatch/middleware/request_id.rb:28:in 'ActionDispatch::RequestId#call'
rack (3.2.6) lib/rack/runtime.rb:24:in 'Rack::Runtime#call'
actionpack (7.1.6) lib/action_dispatch/middleware/executor.rb:14:in 'ActionDispatch::Executor#call'
actionpack (7.1.6) lib/action_dispatch/middleware/static.rb:25:in 'ActionDispatch::Static#call'
rack (3.2.6) lib/rack/sendfile.rb:131:in 'Rack::Sendfile#call'
actionpack (7.1.6) lib/action_dispatch/middleware/host_authorization.rb:141:in 'ActionDispatch::HostAuthorization#call'
rack-cors (3.0.0) lib/rack/cors.rb:102:in 'Rack::Cors#call'
railties (7.1.6) lib/rails/engine.rb:536:in 'Rails::Engine#call'
puma (6.6.1) lib/puma/configuration.rb:279:in 'Puma::Configuration::ConfigMiddleware#call'
puma (6.6.1) lib/puma/request.rb:99:in 'block in Puma::Request#handle_request'
puma (6.6.1) lib/puma/thread_pool.rb:390:in 'Puma::ThreadPool#with_force_shutdown'
puma (6.6.1) lib/puma/request.rb:98:in 'Puma::Request#handle_request'
puma (6.6.1) lib/puma/server.rb:472:in 'Puma::Server#process_client'
puma (6.6.1) lib/puma/server.rb:254:in 'block in Puma::Server#run'
puma (6.6.1) lib/puma/thread_pool.rb:167:in 'block in Puma::ThreadPool#spawn_thread'
Started GET "/api/products" for 172.18.0.1 at 2026-07-26 10:09:37 +0000
  [1m[36mActiveRecord::SchemaMigration Load (8.0ms)[0m  [1m[34mSELECT "schema_migrations"."version" FROM "schema_migrations" ORDER BY "schema_migrations"."version" ASC[0m
  
ActiveRecord::PendingMigrationError (

Migrations are pending. To resolve this issue, run:

        bin/rails db:migrate

You have 1 pending migration:

db/migrate/000001_create_products.rb


):
  
activerecord (7.1.6) lib/active_record/migration.rb:755:in 'ActiveRecord::Migration.check_pending_migrations'
activerecord (7.1.6) lib/active_record/migration.rb:644:in 'block (2 levels) in ActiveRecord::Migration::CheckPending#call'
activesupport (7.1.6) lib/active_support/file_update_checker.rb:85:in 'ActiveSupport::FileUpdateChecker#execute'
activerecord (7.1.6) lib/active_record/migration.rb:649:in 'block in ActiveRecord::Migration::CheckPending#call'
activerecord (7.1.6) lib/active_record/migration.rb:641:in 'Thread::Mutex#synchronize'
activerecord (7.1.6) lib/active_record/migration.rb:641:in 'ActiveRecord::Migration::CheckPending#call'
actionpack (7.1.6) lib/action_dispatch/middleware/callbacks.rb:29:in 'block in ActionDispatch::Callbacks#call'
activesupport (7.1.6) lib/active_support/callbacks.rb:101:in 'ActiveSupport::Callbacks#run_callbacks'
actionpack (7.1.6) lib/action_dispatch/middleware/callbacks.rb:28:in 'ActionDispatch::Callbacks#call'
actionpack (7.1.6) lib/action_dispatch/middleware/executor.rb:14:in 'ActionDispatch::Executor#call'
actionpack (7.1.6) lib/action_dispatch/middleware/actionable_exceptions.rb:16:in 'ActionDispatch::ActionableExceptions#call'
actionpack (7.1.6) lib/action_dispatch/middleware/debug_exceptions.rb:29:in 'ActionDispatch::DebugExceptions#call'
actionpack (7.1.6) lib/action_dispatch/middleware/show_exceptions.rb:31:in 'ActionDispatch::ShowExceptions#call'
railties (7.1.6) lib/rails/rack/logger.rb:37:in 'Rails::Rack::Logger#call_app'
railties (7.1.6) lib/rails/rack/logger.rb:24:in 'block in Rails::Rack::Logger#call'
activesupport (7.1.6) lib/active_support/tagged_logging.rb:139:in 'block in ActiveSupport::TaggedLogging#tagged'
activesupport (7.1.6) lib/active_support/tagged_logging.rb:39:in 'ActiveSupport::TaggedLogging::Formatter#tagged'
activesupport (7.1.6) lib/active_support/tagged_logging.rb:139:in 'ActiveSupport::TaggedLogging#tagged'
activesupport (7.1.6) lib/active_support/broadcast_logger.rb:241:in 'ActiveSupport::BroadcastLogger#method_missing'
railties (7.1.6) lib/rails/rack/logger.rb:24:in 'Rails::Rack::Logger#call'
actionpack (7.1.6) lib/action_dispatch/middleware/remote_ip.rb:92:in 'ActionDispatch::RemoteIp#call'
actionpack (7.1.6) lib/action_dispatch/middleware/request_id.rb:28:in 'ActionDispatch::RequestId#call'
rack (3.2.6) lib/rack/runtime.rb:24:in 'Rack::Runtime#call'
actionpack (7.1.6) lib/action_dispatch/middleware/executor.rb:14:in 'ActionDispatch::Executor#call'
actionpack (7.1.6) lib/action_dispatch/middleware/static.rb:25:in 'ActionDispatch::Static#call'
rack (3.2.6) lib/rack/sendfile.rb:131:in 'Rack::Sendfile#call'
actionpack (7.1.6) lib/action_dispatch/middleware/host_authorization.rb:141:in 'ActionDispatch::HostAuthorization#call'
rack-cors (3.0.0) lib/rack/cors.rb:102:in 'Rack::Cors#call'
railties (7.1.6) lib/rails/engine.rb:536:in 'Rails::Engine#call'
puma (6.6.1) lib/puma/configuration.rb:279:in 'Puma::Configuration::ConfigMiddleware#call'
puma (6.6.1) lib/puma/request.rb:99:in 'block in Puma::Request#handle_request'
puma (6.6.1) lib/puma/thread_pool.rb:390:in 'Puma::ThreadPool#with_force_shutdown'
puma (6.6.1) lib/puma/request.rb:98:in 'Puma::Request#handle_request'
puma (6.6.1) lib/puma/server.rb:472:in 'Puma::Server#process_client'
puma (6.6.1) lib/puma/server.rb:254:in 'block in Puma::Server#run'
puma (6.6.1) lib/puma/thread_pool.rb:167:in 'block in Puma::ThreadPool#spawn_thread'
  [1m[35m (0.3ms)[0m  [1m[34mSELECT pg_try_advisory_lock(4837718361676848375)[0m
  [1m[36mActiveRecord::SchemaMigration Load (1.8ms)[0m  [1m[34mSELECT "schema_migrations"."version" FROM "schema_migrations" ORDER BY "schema_migrations"."version" ASC[0m
  [1m[36mActiveRecord::InternalMetadata Load (1.9ms)[0m  [1m[34mSELECT * FROM "ar_internal_metadata" WHERE "ar_internal_metadata"."key" = $1 ORDER BY "ar_internal_metadata"."key" ASC LIMIT 1[0m  [[nil, "environment"]]
  [1m[36mActiveRecord::InternalMetadata Create (41.3ms)[0m  [1m[32mINSERT INTO "ar_internal_metadata" ("key", "value", "created_at", "updated_at") VALUES ('environment', 'development', '2026-07-26 10:10:29.606555', '2026-07-26 10:10:29.606559') RETURNING "key"[0m
Migrating to CreateProducts (1)
  [1m[36mTRANSACTION (0.4ms)[0m  [1m[35mBEGIN[0m
  [1m[35m (4.8ms)[0m  [1m[35mCREATE TABLE "products" ("id" bigserial primary key, "name" character varying NOT NULL, "description" text, "price" decimal(10,2) NOT NULL, "created_at" timestamp(6) NOT NULL, "updated_at" timestamp(6) NOT NULL)[0m
  [1m[36mTRANSACTION (0.4ms)[0m  [1m[31mROLLBACK[0m
  [1m[35m (1.2ms)[0m  [1m[34mSELECT pg_advisory_unlock(4837718361676848375)[0m
Started GET "/api/products" for 172.18.0.1 at 2026-07-26 10:10:50 +0000
  [1m[36mActiveRecord::SchemaMigration Load (2.2ms)[0m  [1m[34mSELECT "schema_migrations"."version" FROM "schema_migrations" ORDER BY "schema_migrations"."version" ASC[0m
  
ActiveRecord::PendingMigrationError (

Migrations are pending. To resolve this issue, run:

        bin/rails db:migrate

You have 1 pending migration:

db/migrate/000001_create_products.rb


):
  
activerecord (7.1.6) lib/active_record/migration.rb:755:in 'ActiveRecord::Migration.check_pending_migrations'
activerecord (7.1.6) lib/active_record/migration.rb:644:in 'block (2 levels) in ActiveRecord::Migration::CheckPending#call'
activesupport (7.1.6) lib/active_support/file_update_checker.rb:85:in 'ActiveSupport::FileUpdateChecker#execute'
activerecord (7.1.6) lib/active_record/migration.rb:649:in 'block in ActiveRecord::Migration::CheckPending#call'
activerecord (7.1.6) lib/active_record/migration.rb:641:in 'Thread::Mutex#synchronize'
activerecord (7.1.6) lib/active_record/migration.rb:641:in 'ActiveRecord::Migration::CheckPending#call'
actionpack (7.1.6) lib/action_dispatch/middleware/callbacks.rb:29:in 'block in ActionDispatch::Callbacks#call'
activesupport (7.1.6) lib/active_support/callbacks.rb:101:in 'ActiveSupport::Callbacks#run_callbacks'
actionpack (7.1.6) lib/action_dispatch/middleware/callbacks.rb:28:in 'ActionDispatch::Callbacks#call'
actionpack (7.1.6) lib/action_dispatch/middleware/executor.rb:14:in 'ActionDispatch::Executor#call'
actionpack (7.1.6) lib/action_dispatch/middleware/actionable_exceptions.rb:16:in 'ActionDispatch::ActionableExceptions#call'
actionpack (7.1.6) lib/action_dispatch/middleware/debug_exceptions.rb:29:in 'ActionDispatch::DebugExceptions#call'
actionpack (7.1.6) lib/action_dispatch/middleware/show_exceptions.rb:31:in 'ActionDispatch::ShowExceptions#call'
railties (7.1.6) lib/rails/rack/logger.rb:37:in 'Rails::Rack::Logger#call_app'
railties (7.1.6) lib/rails/rack/logger.rb:24:in 'block in Rails::Rack::Logger#call'
activesupport (7.1.6) lib/active_support/tagged_logging.rb:139:in 'block in ActiveSupport::TaggedLogging#tagged'
activesupport (7.1.6) lib/active_support/tagged_logging.rb:39:in 'ActiveSupport::TaggedLogging::Formatter#tagged'
activesupport (7.1.6) lib/active_support/tagged_logging.rb:139:in 'ActiveSupport::TaggedLogging#tagged'
activesupport (7.1.6) lib/active_support/broadcast_logger.rb:241:in 'ActiveSupport::BroadcastLogger#method_missing'
railties (7.1.6) lib/rails/rack/logger.rb:24:in 'Rails::Rack::Logger#call'
actionpack (7.1.6) lib/action_dispatch/middleware/remote_ip.rb:92:in 'ActionDispatch::RemoteIp#call'
actionpack (7.1.6) lib/action_dispatch/middleware/request_id.rb:28:in 'ActionDispatch::RequestId#call'
rack (3.2.6) lib/rack/runtime.rb:24:in 'Rack::Runtime#call'
actionpack (7.1.6) lib/action_dispatch/middleware/executor.rb:14:in 'ActionDispatch::Executor#call'
actionpack (7.1.6) lib/action_dispatch/middleware/static.rb:25:in 'ActionDispatch::Static#call'
rack (3.2.6) lib/rack/sendfile.rb:131:in 'Rack::Sendfile#call'
actionpack (7.1.6) lib/action_dispatch/middleware/host_authorization.rb:141:in 'ActionDispatch::HostAuthorization#call'
rack-cors (3.0.0) lib/rack/cors.rb:102:in 'Rack::Cors#call'
railties (7.1.6) lib/rails/engine.rb:536:in 'Rails::Engine#call'
puma (6.6.1) lib/puma/configuration.rb:279:in 'Puma::Configuration::ConfigMiddleware#call'
puma (6.6.1) lib/puma/request.rb:99:in 'block in Puma::Request#handle_request'
puma (6.6.1) lib/puma/thread_pool.rb:390:in 'Puma::ThreadPool#with_force_shutdown'
puma (6.6.1) lib/puma/request.rb:98:in 'Puma::Request#handle_request'
puma (6.6.1) lib/puma/server.rb:472:in 'Puma::Server#process_client'
puma (6.6.1) lib/puma/server.rb:254:in 'block in Puma::Server#run'
puma (6.6.1) lib/puma/thread_pool.rb:167:in 'block in Puma::ThreadPool#spawn_thread'
Started GET "/api/products" for 172.18.0.1 at 2026-07-26 10:10:54 +0000
  [1m[36mActiveRecord::SchemaMigration Load (6.3ms)[0m  [1m[34mSELECT "schema_migrations"."version" FROM "schema_migrations" ORDER BY "schema_migrations"."version" ASC[0m
  
ActiveRecord::PendingMigrationError (

Migrations are pending. To resolve this issue, run:

        bin/rails db:migrate

You have 1 pending migration:

db/migrate/000001_create_products.rb


):
  
activerecord (7.1.6) lib/active_record/migration.rb:755:in 'ActiveRecord::Migration.check_pending_migrations'
activerecord (7.1.6) lib/active_record/migration.rb:644:in 'block (2 levels) in ActiveRecord::Migration::CheckPending#call'
activesupport (7.1.6) lib/active_support/file_update_checker.rb:85:in 'ActiveSupport::FileUpdateChecker#execute'
activerecord (7.1.6) lib/active_record/migration.rb:649:in 'block in ActiveRecord::Migration::CheckPending#call'
activerecord (7.1.6) lib/active_record/migration.rb:641:in 'Thread::Mutex#synchronize'
activerecord (7.1.6) lib/active_record/migration.rb:641:in 'ActiveRecord::Migration::CheckPending#call'
actionpack (7.1.6) lib/action_dispatch/middleware/callbacks.rb:29:in 'block in ActionDispatch::Callbacks#call'
activesupport (7.1.6) lib/active_support/callbacks.rb:101:in 'ActiveSupport::Callbacks#run_callbacks'
actionpack (7.1.6) lib/action_dispatch/middleware/callbacks.rb:28:in 'ActionDispatch::Callbacks#call'
actionpack (7.1.6) lib/action_dispatch/middleware/executor.rb:14:in 'ActionDispatch::Executor#call'
actionpack (7.1.6) lib/action_dispatch/middleware/actionable_exceptions.rb:16:in 'ActionDispatch::ActionableExceptions#call'
actionpack (7.1.6) lib/action_dispatch/middleware/debug_exceptions.rb:29:in 'ActionDispatch::DebugExceptions#call'
actionpack (7.1.6) lib/action_dispatch/middleware/show_exceptions.rb:31:in 'ActionDispatch::ShowExceptions#call'
railties (7.1.6) lib/rails/rack/logger.rb:37:in 'Rails::Rack::Logger#call_app'
railties (7.1.6) lib/rails/rack/logger.rb:24:in 'block in Rails::Rack::Logger#call'
activesupport (7.1.6) lib/active_support/tagged_logging.rb:139:in 'block in ActiveSupport::TaggedLogging#tagged'
activesupport (7.1.6) lib/active_support/tagged_logging.rb:39:in 'ActiveSupport::TaggedLogging::Formatter#tagged'
activesupport (7.1.6) lib/active_support/tagged_logging.rb:139:in 'ActiveSupport::TaggedLogging#tagged'
activesupport (7.1.6) lib/active_support/broadcast_logger.rb:241:in 'ActiveSupport::BroadcastLogger#method_missing'
railties (7.1.6) lib/rails/rack/logger.rb:24:in 'Rails::Rack::Logger#call'
actionpack (7.1.6) lib/action_dispatch/middleware/remote_ip.rb:92:in 'ActionDispatch::RemoteIp#call'
actionpack (7.1.6) lib/action_dispatch/middleware/request_id.rb:28:in 'ActionDispatch::RequestId#call'
rack (3.2.6) lib/rack/runtime.rb:24:in 'Rack::Runtime#call'
actionpack (7.1.6) lib/action_dispatch/middleware/executor.rb:14:in 'ActionDispatch::Executor#call'
actionpack (7.1.6) lib/action_dispatch/middleware/static.rb:25:in 'ActionDispatch::Static#call'
rack (3.2.6) lib/rack/sendfile.rb:131:in 'Rack::Sendfile#call'
actionpack (7.1.6) lib/action_dispatch/middleware/host_authorization.rb:141:in 'ActionDispatch::HostAuthorization#call'
rack-cors (3.0.0) lib/rack/cors.rb:102:in 'Rack::Cors#call'
railties (7.1.6) lib/rails/engine.rb:536:in 'Rails::Engine#call'
puma (6.6.1) lib/puma/configuration.rb:279:in 'Puma::Configuration::ConfigMiddleware#call'
puma (6.6.1) lib/puma/request.rb:99:in 'block in Puma::Request#handle_request'
puma (6.6.1) lib/puma/thread_pool.rb:390:in 'Puma::ThreadPool#with_force_shutdown'
puma (6.6.1) lib/puma/request.rb:98:in 'Puma::Request#handle_request'
puma (6.6.1) lib/puma/server.rb:472:in 'Puma::Server#process_client'
puma (6.6.1) lib/puma/server.rb:254:in 'block in Puma::Server#run'
puma (6.6.1) lib/puma/thread_pool.rb:167:in 'block in Puma::ThreadPool#spawn_thread'
Started GET "/api/products" for 172.18.0.1 at 2026-07-26 10:12:54 +0000
  [1m[36mActiveRecord::SchemaMigration Load (5.4ms)[0m  [1m[34mSELECT "schema_migrations"."version" FROM "schema_migrations" ORDER BY "schema_migrations"."version" ASC[0m
  
ActiveRecord::PendingMigrationError (

Migrations are pending. To resolve this issue, run:

        bin/rails db:migrate

You have 1 pending migration:

db/migrate/000001_create_products.rb


):
  
activerecord (7.1.6) lib/active_record/migration.rb:755:in 'ActiveRecord::Migration.check_pending_migrations'
activerecord (7.1.6) lib/active_record/migration.rb:644:in 'block (2 levels) in ActiveRecord::Migration::CheckPending#call'
activesupport (7.1.6) lib/active_support/file_update_checker.rb:85:in 'ActiveSupport::FileUpdateChecker#execute'
activerecord (7.1.6) lib/active_record/migration.rb:649:in 'block in ActiveRecord::Migration::CheckPending#call'
activerecord (7.1.6) lib/active_record/migration.rb:641:in 'Thread::Mutex#synchronize'
activerecord (7.1.6) lib/active_record/migration.rb:641:in 'ActiveRecord::Migration::CheckPending#call'
actionpack (7.1.6) lib/action_dispatch/middleware/callbacks.rb:29:in 'block in ActionDispatch::Callbacks#call'
activesupport (7.1.6) lib/active_support/callbacks.rb:101:in 'ActiveSupport::Callbacks#run_callbacks'
actionpack (7.1.6) lib/action_dispatch/middleware/callbacks.rb:28:in 'ActionDispatch::Callbacks#call'
actionpack (7.1.6) lib/action_dispatch/middleware/executor.rb:14:in 'ActionDispatch::Executor#call'
actionpack (7.1.6) lib/action_dispatch/middleware/actionable_exceptions.rb:16:in 'ActionDispatch::ActionableExceptions#call'
actionpack (7.1.6) lib/action_dispatch/middleware/debug_exceptions.rb:29:in 'ActionDispatch::DebugExceptions#call'
actionpack (7.1.6) lib/action_dispatch/middleware/show_exceptions.rb:31:in 'ActionDispatch::ShowExceptions#call'
railties (7.1.6) lib/rails/rack/logger.rb:37:in 'Rails::Rack::Logger#call_app'
railties (7.1.6) lib/rails/rack/logger.rb:24:in 'block in Rails::Rack::Logger#call'
activesupport (7.1.6) lib/active_support/tagged_logging.rb:139:in 'block in ActiveSupport::TaggedLogging#tagged'
activesupport (7.1.6) lib/active_support/tagged_logging.rb:39:in 'ActiveSupport::TaggedLogging::Formatter#tagged'
activesupport (7.1.6) lib/active_support/tagged_logging.rb:139:in 'ActiveSupport::TaggedLogging#tagged'
activesupport (7.1.6) lib/active_support/broadcast_logger.rb:241:in 'ActiveSupport::BroadcastLogger#method_missing'
railties (7.1.6) lib/rails/rack/logger.rb:24:in 'Rails::Rack::Logger#call'
actionpack (7.1.6) lib/action_dispatch/middleware/remote_ip.rb:92:in 'ActionDispatch::RemoteIp#call'
actionpack (7.1.6) lib/action_dispatch/middleware/request_id.rb:28:in 'ActionDispatch::RequestId#call'
rack (3.2.6) lib/rack/runtime.rb:24:in 'Rack::Runtime#call'
actionpack (7.1.6) lib/action_dispatch/middleware/executor.rb:14:in 'ActionDispatch::Executor#call'
actionpack (7.1.6) lib/action_dispatch/middleware/static.rb:25:in 'ActionDispatch::Static#call'
rack (3.2.6) lib/rack/sendfile.rb:131:in 'Rack::Sendfile#call'
actionpack (7.1.6) lib/action_dispatch/middleware/host_authorization.rb:141:in 'ActionDispatch::HostAuthorization#call'
rack-cors (3.0.0) lib/rack/cors.rb:102:in 'Rack::Cors#call'
railties (7.1.6) lib/rails/engine.rb:536:in 'Rails::Engine#call'
puma (6.6.1) lib/puma/configuration.rb:279:in 'Puma::Configuration::ConfigMiddleware#call'
puma (6.6.1) lib/puma/request.rb:99:in 'block in Puma::Request#handle_request'
puma (6.6.1) lib/puma/thread_pool.rb:390:in 'Puma::ThreadPool#with_force_shutdown'
puma (6.6.1) lib/puma/request.rb:98:in 'Puma::Request#handle_request'
puma (6.6.1) lib/puma/server.rb:472:in 'Puma::Server#process_client'
puma (6.6.1) lib/puma/server.rb:254:in 'block in Puma::Server#run'
puma (6.6.1) lib/puma/thread_pool.rb:167:in 'block in Puma::ThreadPool#spawn_thread'
Started GET "/api/products" for 172.18.0.1 at 2026-07-26 10:12:57 +0000
  [1m[36mActiveRecord::SchemaMigration Load (2.0ms)[0m  [1m[34mSELECT "schema_migrations"."version" FROM "schema_migrations" ORDER BY "schema_migrations"."version" ASC[0m
  
ActiveRecord::PendingMigrationError (

Migrations are pending. To resolve this issue, run:

        bin/rails db:migrate

You have 1 pending migration:

db/migrate/000001_create_products.rb


):
  
activerecord (7.1.6) lib/active_record/migration.rb:755:in 'ActiveRecord::Migration.check_pending_migrations'
activerecord (7.1.6) lib/active_record/migration.rb:644:in 'block (2 levels) in ActiveRecord::Migration::CheckPending#call'
activesupport (7.1.6) lib/active_support/file_update_checker.rb:85:in 'ActiveSupport::FileUpdateChecker#execute'
activerecord (7.1.6) lib/active_record/migration.rb:649:in 'block in ActiveRecord::Migration::CheckPending#call'
activerecord (7.1.6) lib/active_record/migration.rb:641:in 'Thread::Mutex#synchronize'
activerecord (7.1.6) lib/active_record/migration.rb:641:in 'ActiveRecord::Migration::CheckPending#call'
actionpack (7.1.6) lib/action_dispatch/middleware/callbacks.rb:29:in 'block in ActionDispatch::Callbacks#call'
activesupport (7.1.6) lib/active_support/callbacks.rb:101:in 'ActiveSupport::Callbacks#run_callbacks'
actionpack (7.1.6) lib/action_dispatch/middleware/callbacks.rb:28:in 'ActionDispatch::Callbacks#call'
actionpack (7.1.6) lib/action_dispatch/middleware/executor.rb:14:in 'ActionDispatch::Executor#call'
actionpack (7.1.6) lib/action_dispatch/middleware/actionable_exceptions.rb:16:in 'ActionDispatch::ActionableExceptions#call'
actionpack (7.1.6) lib/action_dispatch/middleware/debug_exceptions.rb:29:in 'ActionDispatch::DebugExceptions#call'
actionpack (7.1.6) lib/action_dispatch/middleware/show_exceptions.rb:31:in 'ActionDispatch::ShowExceptions#call'
railties (7.1.6) lib/rails/rack/logger.rb:37:in 'Rails::Rack::Logger#call_app'
railties (7.1.6) lib/rails/rack/logger.rb:24:in 'block in Rails::Rack::Logger#call'
activesupport (7.1.6) lib/active_support/tagged_logging.rb:139:in 'block in ActiveSupport::TaggedLogging#tagged'
activesupport (7.1.6) lib/active_support/tagged_logging.rb:39:in 'ActiveSupport::TaggedLogging::Formatter#tagged'
activesupport (7.1.6) lib/active_support/tagged_logging.rb:139:in 'ActiveSupport::TaggedLogging#tagged'
activesupport (7.1.6) lib/active_support/broadcast_logger.rb:241:in 'ActiveSupport::BroadcastLogger#method_missing'
railties (7.1.6) lib/rails/rack/logger.rb:24:in 'Rails::Rack::Logger#call'
actionpack (7.1.6) lib/action_dispatch/middleware/remote_ip.rb:92:in 'ActionDispatch::RemoteIp#call'
actionpack (7.1.6) lib/action_dispatch/middleware/request_id.rb:28:in 'ActionDispatch::RequestId#call'
rack (3.2.6) lib/rack/runtime.rb:24:in 'Rack::Runtime#call'
actionpack (7.1.6) lib/action_dispatch/middleware/executor.rb:14:in 'ActionDispatch::Executor#call'
actionpack (7.1.6) lib/action_dispatch/middleware/static.rb:25:in 'ActionDispatch::Static#call'
rack (3.2.6) lib/rack/sendfile.rb:131:in 'Rack::Sendfile#call'
actionpack (7.1.6) lib/action_dispatch/middleware/host_authorization.rb:141:in 'ActionDispatch::HostAuthorization#call'
rack-cors (3.0.0) lib/rack/cors.rb:102:in 'Rack::Cors#call'
railties (7.1.6) lib/rails/engine.rb:536:in 'Rails::Engine#call'
puma (6.6.1) lib/puma/configuration.rb:279:in 'Puma::Configuration::ConfigMiddleware#call'
puma (6.6.1) lib/puma/request.rb:99:in 'block in Puma::Request#handle_request'
puma (6.6.1) lib/puma/thread_pool.rb:390:in 'Puma::ThreadPool#with_force_shutdown'
puma (6.6.1) lib/puma/request.rb:98:in 'Puma::Request#handle_request'
puma (6.6.1) lib/puma/server.rb:472:in 'Puma::Server#process_client'
puma (6.6.1) lib/puma/server.rb:254:in 'block in Puma::Server#run'
puma (6.6.1) lib/puma/thread_pool.rb:167:in 'block in Puma::ThreadPool#spawn_thread'
  [1m[35m (0.3ms)[0m  [1m[34mSELECT pg_try_advisory_lock(4837718361676848375)[0m
  [1m[36mActiveRecord::SchemaMigration Load (1.9ms)[0m  [1m[34mSELECT "schema_migrations"."version" FROM "schema_migrations" ORDER BY "schema_migrations"."version" ASC[0m
  [1m[36mActiveRecord::InternalMetadata Load (1.8ms)[0m  [1m[34mSELECT * FROM "ar_internal_metadata" WHERE "ar_internal_metadata"."key" = $1 ORDER BY "ar_internal_metadata"."key" ASC LIMIT 1[0m  [[nil, "environment"]]
Migrating to CreateProducts (1)
  [1m[36mTRANSACTION (0.4ms)[0m  [1m[35mBEGIN[0m
  [1m[35m (0.5ms)[0m  [1m[35mCREATE TABLE IF NOT EXISTS "products" ("id" bigserial primary key, "name" character varying NOT NULL, "description" text, "price" decimal(10,2) NOT NULL, "created_at" timestamp(6) NOT NULL, "updated_at" timestamp(6) NOT NULL)[0m
  [1m[36mActiveRecord::SchemaMigration Create (0.9ms)[0m  [1m[32mINSERT INTO "schema_migrations" ("version") VALUES ('1') RETURNING "version"[0m
  [1m[36mTRANSACTION (0.9ms)[0m  [1m[35mCOMMIT[0m
  [1m[35m (1.3ms)[0m  [1m[34mSELECT pg_advisory_unlock(4837718361676848375)[0m
  [1m[36mActiveRecord::SchemaMigration Load (1.2ms)[0m  [1m[34mSELECT "schema_migrations"."version" FROM "schema_migrations" ORDER BY "schema_migrations"."version" ASC[0m
Started GET "/api/products" for 172.18.0.1 at 2026-07-26 10:14:37 +0000
  [1m[36mActiveRecord::SchemaMigration Load (3.9ms)[0m  [1m[34mSELECT "schema_migrations"."version" FROM "schema_migrations" ORDER BY "schema_migrations"."version" ASC[0m
  
ActionController::RoutingError (No route matches [GET] "/api/products"):
  
Started GET "/api/products" for 172.18.0.1 at 2026-07-26 10:14:59 +0000
  [1m[36mActiveRecord::SchemaMigration Load (4.5ms)[0m  [1m[34mSELECT "schema_migrations"."version" FROM "schema_migrations" ORDER BY "schema_migrations"."version" ASC[0m
  
ActionController::RoutingError (No route matches [GET] "/api/products"):
  
Started GET "/api/products" for 172.18.0.1 at 2026-07-26 10:15:02 +0000
  
ActionController::RoutingError (No route matches [GET] "/api/products"):
  
Started GET "/api/products" for 172.18.0.1 at 2026-07-26 10:15:33 +0000
  
ActionController::RoutingError (No route matches [GET] "/api/products"):
  
Started GET "/api/products" for 172.18.0.1 at 2026-07-26 10:15:33 +0000
  
ActionController::RoutingError (No route matches [GET] "/api/products"):
  
Started GET "/api/products" for 172.18.0.1 at 2026-07-26 10:15:34 +0000
  
ActionController::RoutingError (No route matches [GET] "/api/products"):
  
Started GET "/api/products" for 172.18.0.1 at 2026-07-26 10:16:02 +0000
  [1m[36mActiveRecord::SchemaMigration Load (6.6ms)[0m  [1m[34mSELECT "schema_migrations"."version" FROM "schema_migrations" ORDER BY "schema_migrations"."version" ASC[0m
  
ActionController::RoutingError (uninitialized constant Api::Api):
  
Started GET "/api/products" for 172.18.0.1 at 2026-07-26 10:16:30 +0000
  
ActionController::RoutingError (uninitialized constant Api::Api):
  
Started GET "/api/products" for 172.18.0.1 at 2026-07-26 10:16:57 +0000
  [1m[35m (54.7ms)[0m  [1m[35mCREATE TABLE "schema_migrations" ("version" character varying NOT NULL PRIMARY KEY)[0m
  [1m[35m (5.4ms)[0m  [1m[35mCREATE TABLE "ar_internal_metadata" ("key" character varying NOT NULL PRIMARY KEY, "value" character varying, "created_at" timestamp(6) NOT NULL, "updated_at" timestamp(6) NOT NULL)[0m
  [1m[36mActiveRecord::SchemaMigration Load (1.8ms)[0m  [1m[34mSELECT "schema_migrations"."version" FROM "schema_migrations" ORDER BY "schema_migrations"."version" ASC[0m
  
ActiveRecord::PendingMigrationError (

Migrations are pending. To resolve this issue, run:

        bin/rails db:migrate

You have 1 pending migration:

db/migrate/000001_create_products.rb


):
  
activerecord (7.1.6) lib/active_record/migration.rb:755:in 'ActiveRecord::Migration.check_pending_migrations'
activerecord (7.1.6) lib/active_record/migration.rb:644:in 'block (2 levels) in ActiveRecord::Migration::CheckPending#call'
activesupport (7.1.6) lib/active_support/file_update_checker.rb:85:in 'ActiveSupport::FileUpdateChecker#execute'
activerecord (7.1.6) lib/active_record/migration.rb:649:in 'block in ActiveRecord::Migration::CheckPending#call'
activerecord (7.1.6) lib/active_record/migration.rb:641:in 'Thread::Mutex#synchronize'
activerecord (7.1.6) lib/active_record/migration.rb:641:in 'ActiveRecord::Migration::CheckPending#call'
actionpack (7.1.6) lib/action_dispatch/middleware/callbacks.rb:29:in 'block in ActionDispatch::Callbacks#call'
activesupport (7.1.6) lib/active_support/callbacks.rb:101:in 'ActiveSupport::Callbacks#run_callbacks'
actionpack (7.1.6) lib/action_dispatch/middleware/callbacks.rb:28:in 'ActionDispatch::Callbacks#call'
actionpack (7.1.6) lib/action_dispatch/middleware/executor.rb:14:in 'ActionDispatch::Executor#call'
actionpack (7.1.6) lib/action_dispatch/middleware/actionable_exceptions.rb:16:in 'ActionDispatch::ActionableExceptions#call'
actionpack (7.1.6) lib/action_dispatch/middleware/debug_exceptions.rb:29:in 'ActionDispatch::DebugExceptions#call'
actionpack (7.1.6) lib/action_dispatch/middleware/show_exceptions.rb:31:in 'ActionDispatch::ShowExceptions#call'
railties (7.1.6) lib/rails/rack/logger.rb:37:in 'Rails::Rack::Logger#call_app'
railties (7.1.6) lib/rails/rack/logger.rb:24:in 'block in Rails::Rack::Logger#call'
activesupport (7.1.6) lib/active_support/tagged_logging.rb:139:in 'block in ActiveSupport::TaggedLogging#tagged'
activesupport (7.1.6) lib/active_support/tagged_logging.rb:39:in 'ActiveSupport::TaggedLogging::Formatter#tagged'
activesupport (7.1.6) lib/active_support/tagged_logging.rb:139:in 'ActiveSupport::TaggedLogging#tagged'
activesupport (7.1.6) lib/active_support/broadcast_logger.rb:241:in 'ActiveSupport::BroadcastLogger#method_missing'
railties (7.1.6) lib/rails/rack/logger.rb:24:in 'Rails::Rack::Logger#call'
actionpack (7.1.6) lib/action_dispatch/middleware/remote_ip.rb:92:in 'ActionDispatch::RemoteIp#call'
actionpack (7.1.6) lib/action_dispatch/middleware/request_id.rb:28:in 'ActionDispatch::RequestId#call'
rack (3.2.6) lib/rack/runtime.rb:24:in 'Rack::Runtime#call'
actionpack (7.1.6) lib/action_dispatch/middleware/executor.rb:14:in 'ActionDispatch::Executor#call'
actionpack (7.1.6) lib/action_dispatch/middleware/static.rb:25:in 'ActionDispatch::Static#call'
rack (3.2.6) lib/rack/sendfile.rb:131:in 'Rack::Sendfile#call'
actionpack (7.1.6) lib/action_dispatch/middleware/host_authorization.rb:141:in 'ActionDispatch::HostAuthorization#call'
rack-cors (3.0.0) lib/rack/cors.rb:102:in 'Rack::Cors#call'
railties (7.1.6) lib/rails/engine.rb:536:in 'Rails::Engine#call'
puma (6.6.1) lib/puma/configuration.rb:279:in 'Puma::Configuration::ConfigMiddleware#call'
puma (6.6.1) lib/puma/request.rb:99:in 'block in Puma::Request#handle_request'
puma (6.6.1) lib/puma/thread_pool.rb:390:in 'Puma::ThreadPool#with_force_shutdown'
puma (6.6.1) lib/puma/request.rb:98:in 'Puma::Request#handle_request'
puma (6.6.1) lib/puma/server.rb:472:in 'Puma::Server#process_client'
puma (6.6.1) lib/puma/server.rb:254:in 'block in Puma::Server#run'
puma (6.6.1) lib/puma/thread_pool.rb:167:in 'block in Puma::ThreadPool#spawn_thread'
  [1m[35m (0.3ms)[0m  [1m[34mSELECT pg_try_advisory_lock(4837718361676848375)[0m
  [1m[36mActiveRecord::SchemaMigration Load (1.9ms)[0m  [1m[34mSELECT "schema_migrations"."version" FROM "schema_migrations" ORDER BY "schema_migrations"."version" ASC[0m
  [1m[36mActiveRecord::InternalMetadata Load (2.1ms)[0m  [1m[34mSELECT * FROM "ar_internal_metadata" WHERE "ar_internal_metadata"."key" = $1 ORDER BY "ar_internal_metadata"."key" ASC LIMIT 1[0m  [[nil, "environment"]]
  [1m[36mActiveRecord::InternalMetadata Create (1.3ms)[0m  [1m[32mINSERT INTO "ar_internal_metadata" ("key", "value", "created_at", "updated_at") VALUES ('environment', 'development', '2026-07-26 10:17:28.590466', '2026-07-26 10:17:28.590469') RETURNING "key"[0m
Migrating to CreateProducts (1)
  [1m[36mTRANSACTION (0.3ms)[0m  [1m[35mBEGIN[0m
  [1m[35m (0.3ms)[0m  [1m[35mCREATE TABLE IF NOT EXISTS "products" ("id" bigserial primary key, "name" character varying NOT NULL, "description" text, "price" decimal(10,2) NOT NULL, "created_at" timestamp(6) NOT NULL, "updated_at" timestamp(6) NOT NULL)[0m
  [1m[36mActiveRecord::SchemaMigration Create (0.8ms)[0m  [1m[32mINSERT INTO "schema_migrations" ("version") VALUES ('1') RETURNING "version"[0m
  [1m[36mTRANSACTION (0.5ms)[0m  [1m[35mCOMMIT[0m
  [1m[35m (0.7ms)[0m  [1m[34mSELECT pg_advisory_unlock(4837718361676848375)[0m
  [1m[36mActiveRecord::SchemaMigration Load (0.4ms)[0m  [1m[34mSELECT "schema_migrations"."version" FROM "schema_migrations" ORDER BY "schema_migrations"."version" ASC[0m
Started GET "/api/products" for 172.18.0.1 at 2026-07-26 10:17:31 +0000
  [1m[36mActiveRecord::SchemaMigration Load (2.5ms)[0m  [1m[34mSELECT "schema_migrations"."version" FROM "schema_migrations" ORDER BY "schema_migrations"."version" ASC[0m
  
ActionController::RoutingError (uninitialized constant Api::Api):
  
Started GET "/api/products" for 172.18.0.1 at 2026-07-26 10:17:34 +0000
  
ActionController::RoutingError (uninitialized constant Api::Api):
  
  [1m[35m (46.9ms)[0m  [1m[35mCREATE TABLE "schema_migrations" ("version" character varying NOT NULL PRIMARY KEY)[0m
  [1m[35m (10.5ms)[0m  [1m[35mCREATE TABLE "ar_internal_metadata" ("key" character varying NOT NULL PRIMARY KEY, "value" character varying, "created_at" timestamp(6) NOT NULL, "updated_at" timestamp(6) NOT NULL)[0m
  [1m[35m (0.9ms)[0m  [1m[34mSELECT pg_try_advisory_lock(4837718361676848375)[0m
  [1m[36mActiveRecord::SchemaMigration Load (1.8ms)[0m  [1m[34mSELECT "schema_migrations"."version" FROM "schema_migrations" ORDER BY "schema_migrations"."version" ASC[0m
  [1m[36mActiveRecord::InternalMetadata Load (2.6ms)[0m  [1m[34mSELECT * FROM "ar_internal_metadata" WHERE "ar_internal_metadata"."key" = $1 ORDER BY "ar_internal_metadata"."key" ASC LIMIT 1[0m  [[nil, "environment"]]
  [1m[36mActiveRecord::InternalMetadata Create (0.9ms)[0m  [1m[32mINSERT INTO "ar_internal_metadata" ("key", "value", "created_at", "updated_at") VALUES ('environment', 'development', '2026-07-26 10:18:49.827032', '2026-07-26 10:18:49.827035') RETURNING "key"[0m
Migrating to CreateProducts (1)
  [1m[36mTRANSACTION (0.2ms)[0m  [1m[35mBEGIN[0m
  [1m[35m (3.0ms)[0m  [1m[35mCREATE TABLE IF NOT EXISTS "products" ("id" bigserial primary key, "name" character varying NOT NULL, "description" text, "price" decimal(10,2) NOT NULL, "created_at" timestamp(6) NOT NULL, "updated_at" timestamp(6) NOT NULL)[0m
  [1m[36mActiveRecord::SchemaMigration Create (0.8ms)[0m  [1m[32mINSERT INTO "schema_migrations" ("version") VALUES ('1') RETURNING "version"[0m
  [1m[36mTRANSACTION (0.8ms)[0m  [1m[35mCOMMIT[0m
  [1m[35m (0.4ms)[0m  [1m[34mSELECT pg_advisory_unlock(4837718361676848375)[0m
  [1m[36mActiveRecord::SchemaMigration Load (0.4ms)[0m  [1m[34mSELECT "schema_migrations"."version" FROM "schema_migrations" ORDER BY "schema_migrations"."version" ASC[0m
Started GET "/api/products" for 172.18.0.1 at 2026-07-26 10:18:54 +0000
  [1m[36mActiveRecord::SchemaMigration Load (2.2ms)[0m  [1m[34mSELECT "schema_migrations"."version" FROM "schema_migrations" ORDER BY "schema_migrations"."version" ASC[0m
Processing by Api::V1::ProductsController#index as HTML
Completed 500 Internal Server Error in 7ms (ActiveRecord: 0.0ms | Allocations: 1993)


  
NameError (uninitialized constant ApplicationRecord):
  
app/models/product.rb:1:in '<main>'
app/controllers/api/v1/products_controller.rb:7:in 'Api::V1::ProductsController#index'
  [1m[35m (48.9ms)[0m  [1m[35mCREATE TABLE "schema_migrations" ("version" character varying NOT NULL PRIMARY KEY)[0m
  [1m[35m (3.8ms)[0m  [1m[35mCREATE TABLE "ar_internal_metadata" ("key" character varying NOT NULL PRIMARY KEY, "value" character varying, "created_at" timestamp(6) NOT NULL, "updated_at" timestamp(6) NOT NULL)[0m
  [1m[35m (0.4ms)[0m  [1m[34mSELECT pg_try_advisory_lock(4837718361676848375)[0m
  [1m[36mActiveRecord::SchemaMigration Load (1.3ms)[0m  [1m[34mSELECT "schema_migrations"."version" FROM "schema_migrations" ORDER BY "schema_migrations"."version" ASC[0m
  [1m[36mActiveRecord::InternalMetadata Load (2.1ms)[0m  [1m[34mSELECT * FROM "ar_internal_metadata" WHERE "ar_internal_metadata"."key" = $1 ORDER BY "ar_internal_metadata"."key" ASC LIMIT 1[0m  [[nil, "environment"]]
  [1m[36mActiveRecord::InternalMetadata Create (0.9ms)[0m  [1m[32mINSERT INTO "ar_internal_metadata" ("key", "value", "created_at", "updated_at") VALUES ('environment', 'development', '2026-07-26 10:19:48.057002', '2026-07-26 10:19:48.057006') RETURNING "key"[0m
Migrating to CreateProducts (1)
  [1m[36mTRANSACTION (0.3ms)[0m  [1m[35mBEGIN[0m
  [1m[35m (2.6ms)[0m  [1m[35mCREATE TABLE IF NOT EXISTS "products" ("id" bigserial primary key, "name" character varying NOT NULL, "description" text, "price" decimal(10,2) NOT NULL, "created_at" timestamp(6) NOT NULL, "updated_at" timestamp(6) NOT NULL)[0m
  [1m[36mActiveRecord::SchemaMigration Create (0.6ms)[0m  [1m[32mINSERT INTO "schema_migrations" ("version") VALUES ('1') RETURNING "version"[0m
  [1m[36mTRANSACTION (2.1ms)[0m  [1m[35mCOMMIT[0m
  [1m[35m (0.8ms)[0m  [1m[34mSELECT pg_advisory_unlock(4837718361676848375)[0m
  [1m[36mActiveRecord::SchemaMigration Load (0.6ms)[0m  [1m[34mSELECT "schema_migrations"."version" FROM "schema_migrations" ORDER BY "schema_migrations"."version" ASC[0m
Started GET "/api/products" for 172.18.0.1 at 2026-07-26 10:19:51 +0000
  [1m[36mActiveRecord::SchemaMigration Load (2.5ms)[0m  [1m[34mSELECT "schema_migrations"."version" FROM "schema_migrations" ORDER BY "schema_migrations"."version" ASC[0m
Processing by Api::V1::ProductsController#index as HTML
  [1m[36mProduct Load (4.0ms)[0m  [1m[34mSELECT "products".* FROM "products"[0m
  ↳ app/controllers/api/v1/products_controller.rb:8:in 'Api::V1::ProductsController#index'
Completed 200 OK in 178ms (Views: 50.0ms | ActiveRecord: 33.3ms | Allocations: 16820)


Started GET "/api/products" for 172.18.0.1 at 2026-07-26 10:20:51 +0000
Processing by Api::V1::ProductsController#index as HTML
  [1m[36mProduct Load (0.7ms)[0m  [1m[34mSELECT "products".* FROM "products"[0m
  ↳ app/controllers/api/v1/products_controller.rb:8:in 'Api::V1::ProductsController#index'
Completed 200 OK in 4ms (Views: 3.0ms | ActiveRecord: 0.6ms | Allocations: 722)


Started GET "/api/products" for 172.18.0.1 at 2026-07-26 10:24:21 +0000
  [1m[35m (6.5ms)[0m  [1m[35mCREATE TABLE "schema_migrations" ("version" character varying NOT NULL PRIMARY KEY)[0m
  [1m[35m (3.4ms)[0m  [1m[35mCREATE TABLE "ar_internal_metadata" ("key" character varying NOT NULL PRIMARY KEY, "value" character varying, "created_at" timestamp(6) NOT NULL, "updated_at" timestamp(6) NOT NULL)[0m
  [1m[36mActiveRecord::SchemaMigration Load (1.1ms)[0m  [1m[34mSELECT "schema_migrations"."version" FROM "schema_migrations" ORDER BY "schema_migrations"."version" ASC[0m
  
ActiveRecord::PendingMigrationError (

Migrations are pending. To resolve this issue, run:

        bin/rails db:migrate

You have 1 pending migration:

db/migrate/000001_create_products.rb


):
  
activerecord (7.1.6) lib/active_record/migration.rb:755:in 'ActiveRecord::Migration.check_pending_migrations'
activerecord (7.1.6) lib/active_record/migration.rb:644:in 'block (2 levels) in ActiveRecord::Migration::CheckPending#call'
activesupport (7.1.6) lib/active_support/file_update_checker.rb:85:in 'ActiveSupport::FileUpdateChecker#execute'
activerecord (7.1.6) lib/active_record/migration.rb:649:in 'block in ActiveRecord::Migration::CheckPending#call'
activerecord (7.1.6) lib/active_record/migration.rb:641:in 'Thread::Mutex#synchronize'
activerecord (7.1.6) lib/active_record/migration.rb:641:in 'ActiveRecord::Migration::CheckPending#call'
actionpack (7.1.6) lib/action_dispatch/middleware/callbacks.rb:29:in 'block in ActionDispatch::Callbacks#call'
activesupport (7.1.6) lib/active_support/callbacks.rb:101:in 'ActiveSupport::Callbacks#run_callbacks'
actionpack (7.1.6) lib/action_dispatch/middleware/callbacks.rb:28:in 'ActionDispatch::Callbacks#call'
actionpack (7.1.6) lib/action_dispatch/middleware/executor.rb:14:in 'ActionDispatch::Executor#call'
actionpack (7.1.6) lib/action_dispatch/middleware/actionable_exceptions.rb:16:in 'ActionDispatch::ActionableExceptions#call'
actionpack (7.1.6) lib/action_dispatch/middleware/debug_exceptions.rb:29:in 'ActionDispatch::DebugExceptions#call'
actionpack (7.1.6) lib/action_dispatch/middleware/show_exceptions.rb:31:in 'ActionDispatch::ShowExceptions#call'
railties (7.1.6) lib/rails/rack/logger.rb:37:in 'Rails::Rack::Logger#call_app'
railties (7.1.6) lib/rails/rack/logger.rb:24:in 'block in Rails::Rack::Logger#call'
activesupport (7.1.6) lib/active_support/tagged_logging.rb:139:in 'block in ActiveSupport::TaggedLogging#tagged'
activesupport (7.1.6) lib/active_support/tagged_logging.rb:39:in 'ActiveSupport::TaggedLogging::Formatter#tagged'
activesupport (7.1.6) lib/active_support/tagged_logging.rb:139:in 'ActiveSupport::TaggedLogging#tagged'
activesupport (7.1.6) lib/active_support/broadcast_logger.rb:241:in 'ActiveSupport::BroadcastLogger#method_missing'
railties (7.1.6) lib/rails/rack/logger.rb:24:in 'Rails::Rack::Logger#call'
actionpack (7.1.6) lib/action_dispatch/middleware/remote_ip.rb:92:in 'ActionDispatch::RemoteIp#call'
actionpack (7.1.6) lib/action_dispatch/middleware/request_id.rb:28:in 'ActionDispatch::RequestId#call'
rack (3.2.6) lib/rack/runtime.rb:24:in 'Rack::Runtime#call'
actionpack (7.1.6) lib/action_dispatch/middleware/executor.rb:14:in 'ActionDispatch::Executor#call'
actionpack (7.1.6) lib/action_dispatch/middleware/static.rb:25:in 'ActionDispatch::Static#call'
rack (3.2.6) lib/rack/sendfile.rb:131:in 'Rack::Sendfile#call'
actionpack (7.1.6) lib/action_dispatch/middleware/host_authorization.rb:141:in 'ActionDispatch::HostAuthorization#call'
rack-cors (3.0.0) lib/rack/cors.rb:102:in 'Rack::Cors#call'
railties (7.1.6) lib/rails/engine.rb:536:in 'Rails::Engine#call'
puma (6.6.1) lib/puma/configuration.rb:279:in 'Puma::Configuration::ConfigMiddleware#call'
puma (6.6.1) lib/puma/request.rb:99:in 'block in Puma::Request#handle_request'
puma (6.6.1) lib/puma/thread_pool.rb:390:in 'Puma::ThreadPool#with_force_shutdown'
puma (6.6.1) lib/puma/request.rb:98:in 'Puma::Request#handle_request'
puma (6.6.1) lib/puma/server.rb:472:in 'Puma::Server#process_client'
puma (6.6.1) lib/puma/server.rb:254:in 'block in Puma::Server#run'
puma (6.6.1) lib/puma/thread_pool.rb:167:in 'block in Puma::ThreadPool#spawn_thread'
Started GET "/api/products" for 172.18.0.1 at 2026-07-26 10:24:23 +0000
  [1m[36mActiveRecord::SchemaMigration Load (4.4ms)[0m  [1m[34mSELECT "schema_migrations"."version" FROM "schema_migrations" ORDER BY "schema_migrations"."version" ASC[0m
  
ActiveRecord::PendingMigrationError (

Migrations are pending. To resolve this issue, run:

        bin/rails db:migrate

You have 1 pending migration:

db/migrate/000001_create_products.rb


):
  
activerecord (7.1.6) lib/active_record/migration.rb:755:in 'ActiveRecord::Migration.check_pending_migrations'
activerecord (7.1.6) lib/active_record/migration.rb:644:in 'block (2 levels) in ActiveRecord::Migration::CheckPending#call'
activesupport (7.1.6) lib/active_support/file_update_checker.rb:85:in 'ActiveSupport::FileUpdateChecker#execute'
activerecord (7.1.6) lib/active_record/migration.rb:649:in 'block in ActiveRecord::Migration::CheckPending#call'
activerecord (7.1.6) lib/active_record/migration.rb:641:in 'Thread::Mutex#synchronize'
activerecord (7.1.6) lib/active_record/migration.rb:641:in 'ActiveRecord::Migration::CheckPending#call'
actionpack (7.1.6) lib/action_dispatch/middleware/callbacks.rb:29:in 'block in ActionDispatch::Callbacks#call'
activesupport (7.1.6) lib/active_support/callbacks.rb:101:in 'ActiveSupport::Callbacks#run_callbacks'
actionpack (7.1.6) lib/action_dispatch/middleware/callbacks.rb:28:in 'ActionDispatch::Callbacks#call'
actionpack (7.1.6) lib/action_dispatch/middleware/executor.rb:14:in 'ActionDispatch::Executor#call'
actionpack (7.1.6) lib/action_dispatch/middleware/actionable_exceptions.rb:16:in 'ActionDispatch::ActionableExceptions#call'
actionpack (7.1.6) lib/action_dispatch/middleware/debug_exceptions.rb:29:in 'ActionDispatch::DebugExceptions#call'
actionpack (7.1.6) lib/action_dispatch/middleware/show_exceptions.rb:31:in 'ActionDispatch::ShowExceptions#call'
railties (7.1.6) lib/rails/rack/logger.rb:37:in 'Rails::Rack::Logger#call_app'
railties (7.1.6) lib/rails/rack/logger.rb:24:in 'block in Rails::Rack::Logger#call'
activesupport (7.1.6) lib/active_support/tagged_logging.rb:139:in 'block in ActiveSupport::TaggedLogging#tagged'
activesupport (7.1.6) lib/active_support/tagged_logging.rb:39:in 'ActiveSupport::TaggedLogging::Formatter#tagged'
activesupport (7.1.6) lib/active_support/tagged_logging.rb:139:in 'ActiveSupport::TaggedLogging#tagged'
activesupport (7.1.6) lib/active_support/broadcast_logger.rb:241:in 'ActiveSupport::BroadcastLogger#method_missing'
railties (7.1.6) lib/rails/rack/logger.rb:24:in 'Rails::Rack::Logger#call'
actionpack (7.1.6) lib/action_dispatch/middleware/remote_ip.rb:92:in 'ActionDispatch::RemoteIp#call'
actionpack (7.1.6) lib/action_dispatch/middleware/request_id.rb:28:in 'ActionDispatch::RequestId#call'
rack (3.2.6) lib/rack/runtime.rb:24:in 'Rack::Runtime#call'
actionpack (7.1.6) lib/action_dispatch/middleware/executor.rb:14:in 'ActionDispatch::Executor#call'
actionpack (7.1.6) lib/action_dispatch/middleware/static.rb:25:in 'ActionDispatch::Static#call'
rack (3.2.6) lib/rack/sendfile.rb:131:in 'Rack::Sendfile#call'
actionpack (7.1.6) lib/action_dispatch/middleware/host_authorization.rb:141:in 'ActionDispatch::HostAuthorization#call'
rack-cors (3.0.0) lib/rack/cors.rb:102:in 'Rack::Cors#call'
railties (7.1.6) lib/rails/engine.rb:536:in 'Rails::Engine#call'
puma (6.6.1) lib/puma/configuration.rb:279:in 'Puma::Configuration::ConfigMiddleware#call'
puma (6.6.1) lib/puma/request.rb:99:in 'block in Puma::Request#handle_request'
puma (6.6.1) lib/puma/thread_pool.rb:390:in 'Puma::ThreadPool#with_force_shutdown'
puma (6.6.1) lib/puma/request.rb:98:in 'Puma::Request#handle_request'
puma (6.6.1) lib/puma/server.rb:472:in 'Puma::Server#process_client'
puma (6.6.1) lib/puma/server.rb:254:in 'block in Puma::Server#run'
puma (6.6.1) lib/puma/thread_pool.rb:167:in 'block in Puma::ThreadPool#spawn_thread'
Started GET "/api/products" for 172.18.0.1 at 2026-07-26 10:24:27 +0000
  [1m[36mActiveRecord::SchemaMigration Load (2.2ms)[0m  [1m[34mSELECT "schema_migrations"."version" FROM "schema_migrations" ORDER BY "schema_migrations"."version" ASC[0m
  
ActiveRecord::PendingMigrationError (

Migrations are pending. To resolve this issue, run:

        bin/rails db:migrate

You have 1 pending migration:

db/migrate/000001_create_products.rb


):
  
activerecord (7.1.6) lib/active_record/migration.rb:755:in 'ActiveRecord::Migration.check_pending_migrations'
activerecord (7.1.6) lib/active_record/migration.rb:644:in 'block (2 levels) in ActiveRecord::Migration::CheckPending#call'
activesupport (7.1.6) lib/active_support/file_update_checker.rb:85:in 'ActiveSupport::FileUpdateChecker#execute'
activerecord (7.1.6) lib/active_record/migration.rb:649:in 'block in ActiveRecord::Migration::CheckPending#call'
activerecord (7.1.6) lib/active_record/migration.rb:641:in 'Thread::Mutex#synchronize'
activerecord (7.1.6) lib/active_record/migration.rb:641:in 'ActiveRecord::Migration::CheckPending#call'
actionpack (7.1.6) lib/action_dispatch/middleware/callbacks.rb:29:in 'block in ActionDispatch::Callbacks#call'
activesupport (7.1.6) lib/active_support/callbacks.rb:101:in 'ActiveSupport::Callbacks#run_callbacks'
actionpack (7.1.6) lib/action_dispatch/middleware/callbacks.rb:28:in 'ActionDispatch::Callbacks#call'
actionpack (7.1.6) lib/action_dispatch/middleware/executor.rb:14:in 'ActionDispatch::Executor#call'
actionpack (7.1.6) lib/action_dispatch/middleware/actionable_exceptions.rb:16:in 'ActionDispatch::ActionableExceptions#call'
actionpack (7.1.6) lib/action_dispatch/middleware/debug_exceptions.rb:29:in 'ActionDispatch::DebugExceptions#call'
actionpack (7.1.6) lib/action_dispatch/middleware/show_exceptions.rb:31:in 'ActionDispatch::ShowExceptions#call'
railties (7.1.6) lib/rails/rack/logger.rb:37:in 'Rails::Rack::Logger#call_app'
railties (7.1.6) lib/rails/rack/logger.rb:24:in 'block in Rails::Rack::Logger#call'
activesupport (7.1.6) lib/active_support/tagged_logging.rb:139:in 'block in ActiveSupport::TaggedLogging#tagged'
activesupport (7.1.6) lib/active_support/tagged_logging.rb:39:in 'ActiveSupport::TaggedLogging::Formatter#tagged'
activesupport (7.1.6) lib/active_support/tagged_logging.rb:139:in 'ActiveSupport::TaggedLogging#tagged'
activesupport (7.1.6) lib/active_support/broadcast_logger.rb:241:in 'ActiveSupport::BroadcastLogger#method_missing'
railties (7.1.6) lib/rails/rack/logger.rb:24:in 'Rails::Rack::Logger#call'
actionpack (7.1.6) lib/action_dispatch/middleware/remote_ip.rb:92:in 'ActionDispatch::RemoteIp#call'
actionpack (7.1.6) lib/action_dispatch/middleware/request_id.rb:28:in 'ActionDispatch::RequestId#call'
rack (3.2.6) lib/rack/runtime.rb:24:in 'Rack::Runtime#call'
actionpack (7.1.6) lib/action_dispatch/middleware/executor.rb:14:in 'ActionDispatch::Executor#call'
actionpack (7.1.6) lib/action_dispatch/middleware/static.rb:25:in 'ActionDispatch::Static#call'
rack (3.2.6) lib/rack/sendfile.rb:131:in 'Rack::Sendfile#call'
actionpack (7.1.6) lib/action_dispatch/middleware/host_authorization.rb:141:in 'ActionDispatch::HostAuthorization#call'
rack-cors (3.0.0) lib/rack/cors.rb:102:in 'Rack::Cors#call'
railties (7.1.6) lib/rails/engine.rb:536:in 'Rails::Engine#call'
puma (6.6.1) lib/puma/configuration.rb:279:in 'Puma::Configuration::ConfigMiddleware#call'
puma (6.6.1) lib/puma/request.rb:99:in 'block in Puma::Request#handle_request'
puma (6.6.1) lib/puma/thread_pool.rb:390:in 'Puma::ThreadPool#with_force_shutdown'
puma (6.6.1) lib/puma/request.rb:98:in 'Puma::Request#handle_request'
puma (6.6.1) lib/puma/server.rb:472:in 'Puma::Server#process_client'
puma (6.6.1) lib/puma/server.rb:254:in 'block in Puma::Server#run'
puma (6.6.1) lib/puma/thread_pool.rb:167:in 'block in Puma::ThreadPool#spawn_thread'
  [1m[35m (0.3ms)[0m  [1m[34mSELECT pg_try_advisory_lock(4837718361676848375)[0m
  [1m[36mActiveRecord::SchemaMigration Load (2.0ms)[0m  [1m[34mSELECT "schema_migrations"."version" FROM "schema_migrations" ORDER BY "schema_migrations"."version" ASC[0m
  [1m[36mActiveRecord::InternalMetadata Load (2.1ms)[0m  [1m[34mSELECT * FROM "ar_internal_metadata" WHERE "ar_internal_metadata"."key" = $1 ORDER BY "ar_internal_metadata"."key" ASC LIMIT 1[0m  [[nil, "environment"]]
  [1m[36mActiveRecord::InternalMetadata Create (1.3ms)[0m  [1m[32mINSERT INTO "ar_internal_metadata" ("key", "value", "created_at", "updated_at") VALUES ('environment', 'development', '2026-07-26 10:24:36.775565', '2026-07-26 10:24:36.775569') RETURNING "key"[0m
Migrating to CreateProducts (1)
  [1m[36mTRANSACTION (0.3ms)[0m  [1m[35mBEGIN[0m
  [1m[35m (0.4ms)[0m  [1m[35mCREATE TABLE IF NOT EXISTS "products" ("id" bigserial primary key, "name" character varying NOT NULL, "description" text, "price" decimal(10,2) NOT NULL, "created_at" timestamp(6) NOT NULL, "updated_at" timestamp(6) NOT NULL)[0m
  [1m[36mActiveRecord::SchemaMigration Create (1.3ms)[0m  [1m[32mINSERT INTO "schema_migrations" ("version") VALUES ('1') RETURNING "version"[0m
  [1m[36mTRANSACTION (1.1ms)[0m  [1m[35mCOMMIT[0m
  [1m[35m (0.8ms)[0m  [1m[34mSELECT pg_advisory_unlock(4837718361676848375)[0m
  [1m[36mActiveRecord::SchemaMigration Load (0.5ms)[0m  [1m[34mSELECT "schema_migrations"."version" FROM "schema_migrations" ORDER BY "schema_migrations"."version" ASC[0m
Started GET "/api/products" for 172.18.0.1 at 2026-07-26 10:24:38 +0000
  [1m[36mActiveRecord::SchemaMigration Load (2.7ms)[0m  [1m[34mSELECT "schema_migrations"."version" FROM "schema_migrations" ORDER BY "schema_migrations"."version" ASC[0m
Processing by Api::V1::ProductsController#index as HTML
  [1m[36mProduct Load (1.5ms)[0m  [1m[34mSELECT "products".* FROM "products"[0m
  ↳ app/controllers/api/v1/products_controller.rb:8:in 'Api::V1::ProductsController#index'
Completed 200 OK in 100ms (Views: 47.4ms | ActiveRecord: 33.0ms | Allocations: 14538)


Started GET "/api/products" for 172.18.0.1 at 2026-07-26 10:24:41 +0000
  [1m[36mActiveRecord::SchemaMigration Load (3.4ms)[0m  [1m[34mSELECT "schema_migrations"."version" FROM "schema_migrations" ORDER BY "schema_migrations"."version" ASC[0m
Processing by Api::V1::ProductsController#index as */*
  [1m[36mProduct Load (3.3ms)[0m  [1m[34mSELECT "products".* FROM "products"[0m
  ↳ app/controllers/api/v1/products_controller.rb:8:in 'Api::V1::ProductsController#index'
Completed 200 OK in 162ms (Views: 67.2ms | ActiveRecord: 41.5ms | Allocations: 16827)


Started POST "/api/products" for 172.18.0.1 at 2026-07-26 10:24:46 +0000
Processing by Api::V1::ProductsController#create as */*
  Parameters: {"name" => "nh", "description" => "hgjghjhg", "price" => 77, "product" => {"name" => "nh", "description" => "hgjghjhg", "price" => 77}}
  [1m[36mTRANSACTION (0.3ms)[0m  [1m[35mBEGIN[0m
  ↳ app/controllers/api/v1/products_controller.rb:17:in 'Api::V1::ProductsController#create'
  [1m[36mProduct Create (3.6ms)[0m  [1m[32mINSERT INTO "products" ("name", "description", "price", "created_at") VALUES ($1, $2, $3, $4) RETURNING "id", "created_at"[0m  [["name", "nh"], ["description", "hgjghjhg"], ["price", "77.0"], ["created_at", "2026-07-26 10:24:46.520776"]]
  ↳ app/controllers/api/v1/products_controller.rb:17:in 'Api::V1::ProductsController#create'
  [1m[36mTRANSACTION (8.9ms)[0m  [1m[35mCOMMIT[0m
  ↳ app/controllers/api/v1/products_controller.rb:17:in 'Api::V1::ProductsController#create'
Completed 201 Created in 21ms (Views: 0.5ms | ActiveRecord: 12.7ms | Allocations: 2504)


Started GET "/api/products" for 172.18.0.1 at 2026-07-26 10:24:46 +0000
Processing by Api::V1::ProductsController#index as */*
  [1m[36mProduct Load (0.6ms)[0m  [1m[34mSELECT "products".* FROM "products"[0m
  ↳ app/controllers/api/v1/products_controller.rb:8:in 'Api::V1::ProductsController#index'
Completed 200 OK in 4ms (Views: 3.5ms | ActiveRecord: 0.6ms | Allocations: 748)


Started DELETE "/api/products/3" for 172.18.0.1 at 2026-07-26 10:24:47 +0000
Processing by Api::V1::ProductsController#destroy as */*
  Parameters: {"id" => "3"}
  [1m[36mProduct Load (0.4ms)[0m  [1m[34mSELECT "products".* FROM "products" WHERE "products"."id" = $1 LIMIT $2[0m  [["id", 3], ["LIMIT", 1]]
  ↳ app/controllers/api/v1/products_controller.rb:40:in 'Api::V1::ProductsController#set_product'
  [1m[36mTRANSACTION (0.3ms)[0m  [1m[35mBEGIN[0m
  ↳ app/controllers/api/v1/products_controller.rb:33:in 'Api::V1::ProductsController#destroy'
  [1m[36mProduct Destroy (2.2ms)[0m  [1m[31mDELETE FROM "products" WHERE "products"."id" = $1[0m  [["id", 3]]
  ↳ app/controllers/api/v1/products_controller.rb:33:in 'Api::V1::ProductsController#destroy'
  [1m[36mTRANSACTION (0.9ms)[0m  [1m[35mCOMMIT[0m
  ↳ app/controllers/api/v1/products_controller.rb:33:in 'Api::V1::ProductsController#destroy'
Completed 204 No Content in 52ms (ActiveRecord: 3.9ms | Allocations: 2611)


Started GET "/api/products" for 172.18.0.1 at 2026-07-26 10:24:47 +0000
Processing by Api::V1::ProductsController#index as */*
  [1m[36mProduct Load (0.6ms)[0m  [1m[34mSELECT "products".* FROM "products"[0m
  ↳ app/controllers/api/v1/products_controller.rb:8:in 'Api::V1::ProductsController#index'
Completed 200 OK in 3ms (Views: 2.0ms | ActiveRecord: 0.6ms | Allocations: 704)


Started GET "/api/products" for 172.18.0.1 at 2026-07-26 10:28:45 +0000
  [1m[35m (14.2ms)[0m  [1m[35mCREATE TABLE "schema_migrations" ("version" character varying NOT NULL PRIMARY KEY)[0m
  [1m[35m (7.2ms)[0m  [1m[35mCREATE TABLE "ar_internal_metadata" ("key" character varying NOT NULL PRIMARY KEY, "value" character varying, "created_at" timestamp(6) NOT NULL, "updated_at" timestamp(6) NOT NULL)[0m
  [1m[36mActiveRecord::SchemaMigration Load (1.2ms)[0m  [1m[34mSELECT "schema_migrations"."version" FROM "schema_migrations" ORDER BY "schema_migrations"."version" ASC[0m
  
ActiveRecord::PendingMigrationError (

Migrations are pending. To resolve this issue, run:

        bin/rails db:migrate

You have 1 pending migration:

db/migrate/000001_create_products.rb


):
  
activerecord (7.1.6) lib/active_record/migration.rb:755:in 'ActiveRecord::Migration.check_pending_migrations'
activerecord (7.1.6) lib/active_record/migration.rb:644:in 'block (2 levels) in ActiveRecord::Migration::CheckPending#call'
activesupport (7.1.6) lib/active_support/file_update_checker.rb:85:in 'ActiveSupport::FileUpdateChecker#execute'
activerecord (7.1.6) lib/active_record/migration.rb:649:in 'block in ActiveRecord::Migration::CheckPending#call'
activerecord (7.1.6) lib/active_record/migration.rb:641:in 'Thread::Mutex#synchronize'
activerecord (7.1.6) lib/active_record/migration.rb:641:in 'ActiveRecord::Migration::CheckPending#call'
actionpack (7.1.6) lib/action_dispatch/middleware/callbacks.rb:29:in 'block in ActionDispatch::Callbacks#call'
activesupport (7.1.6) lib/active_support/callbacks.rb:101:in 'ActiveSupport::Callbacks#run_callbacks'
actionpack (7.1.6) lib/action_dispatch/middleware/callbacks.rb:28:in 'ActionDispatch::Callbacks#call'
actionpack (7.1.6) lib/action_dispatch/middleware/executor.rb:14:in 'ActionDispatch::Executor#call'
actionpack (7.1.6) lib/action_dispatch/middleware/actionable_exceptions.rb:16:in 'ActionDispatch::ActionableExceptions#call'
actionpack (7.1.6) lib/action_dispatch/middleware/debug_exceptions.rb:29:in 'ActionDispatch::DebugExceptions#call'
actionpack (7.1.6) lib/action_dispatch/middleware/show_exceptions.rb:31:in 'ActionDispatch::ShowExceptions#call'
railties (7.1.6) lib/rails/rack/logger.rb:37:in 'Rails::Rack::Logger#call_app'
railties (7.1.6) lib/rails/rack/logger.rb:24:in 'block in Rails::Rack::Logger#call'
activesupport (7.1.6) lib/active_support/tagged_logging.rb:139:in 'block in ActiveSupport::TaggedLogging#tagged'
activesupport (7.1.6) lib/active_support/tagged_logging.rb:39:in 'ActiveSupport::TaggedLogging::Formatter#tagged'
activesupport (7.1.6) lib/active_support/tagged_logging.rb:139:in 'ActiveSupport::TaggedLogging#tagged'
activesupport (7.1.6) lib/active_support/broadcast_logger.rb:241:in 'ActiveSupport::BroadcastLogger#method_missing'
railties (7.1.6) lib/rails/rack/logger.rb:24:in 'Rails::Rack::Logger#call'
actionpack (7.1.6) lib/action_dispatch/middleware/remote_ip.rb:92:in 'ActionDispatch::RemoteIp#call'
actionpack (7.1.6) lib/action_dispatch/middleware/request_id.rb:28:in 'ActionDispatch::RequestId#call'
rack (3.2.6) lib/rack/runtime.rb:24:in 'Rack::Runtime#call'
actionpack (7.1.6) lib/action_dispatch/middleware/executor.rb:14:in 'ActionDispatch::Executor#call'
actionpack (7.1.6) lib/action_dispatch/middleware/static.rb:25:in 'ActionDispatch::Static#call'
rack (3.2.6) lib/rack/sendfile.rb:131:in 'Rack::Sendfile#call'
actionpack (7.1.6) lib/action_dispatch/middleware/host_authorization.rb:141:in 'ActionDispatch::HostAuthorization#call'
rack-cors (3.0.0) lib/rack/cors.rb:102:in 'Rack::Cors#call'
railties (7.1.6) lib/rails/engine.rb:536:in 'Rails::Engine#call'
puma (6.6.1) lib/puma/configuration.rb:279:in 'Puma::Configuration::ConfigMiddleware#call'
puma (6.6.1) lib/puma/request.rb:99:in 'block in Puma::Request#handle_request'
puma (6.6.1) lib/puma/thread_pool.rb:390:in 'Puma::ThreadPool#with_force_shutdown'
puma (6.6.1) lib/puma/request.rb:98:in 'Puma::Request#handle_request'
puma (6.6.1) lib/puma/server.rb:472:in 'Puma::Server#process_client'
puma (6.6.1) lib/puma/server.rb:254:in 'block in Puma::Server#run'
puma (6.6.1) lib/puma/thread_pool.rb:167:in 'block in Puma::ThreadPool#spawn_thread'
  [1m[35m (0.4ms)[0m  [1m[34mSELECT pg_try_advisory_lock(4837718361676848375)[0m
  [1m[36mActiveRecord::SchemaMigration Load (2.3ms)[0m  [1m[34mSELECT "schema_migrations"."version" FROM "schema_migrations" ORDER BY "schema_migrations"."version" ASC[0m
  [1m[36mActiveRecord::InternalMetadata Load (2.7ms)[0m  [1m[34mSELECT * FROM "ar_internal_metadata" WHERE "ar_internal_metadata"."key" = $1 ORDER BY "ar_internal_metadata"."key" ASC LIMIT 1[0m  [[nil, "environment"]]
  [1m[36mActiveRecord::InternalMetadata Create (1.1ms)[0m  [1m[32mINSERT INTO "ar_internal_metadata" ("key", "value", "created_at", "updated_at") VALUES ('environment', 'development', '2026-07-26 10:28:51.912686', '2026-07-26 10:28:51.912690') RETURNING "key"[0m
Migrating to CreateProducts (1)
  [1m[36mTRANSACTION (0.3ms)[0m  [1m[35mBEGIN[0m
  [1m[35m (0.5ms)[0m  [1m[35mCREATE TABLE IF NOT EXISTS "products" ("id" bigserial primary key, "name" character varying NOT NULL, "description" text, "price" decimal(10,2) NOT NULL, "created_at" timestamp(6) NOT NULL, "updated_at" timestamp(6) NOT NULL)[0m
  [1m[36mActiveRecord::SchemaMigration Create (1.1ms)[0m  [1m[32mINSERT INTO "schema_migrations" ("version") VALUES ('1') RETURNING "version"[0m
  [1m[36mTRANSACTION (1.0ms)[0m  [1m[35mCOMMIT[0m
  [1m[35m (1.6ms)[0m  [1m[34mSELECT pg_advisory_unlock(4837718361676848375)[0m
  [1m[36mActiveRecord::SchemaMigration Load (0.6ms)[0m  [1m[34mSELECT "schema_migrations"."version" FROM "schema_migrations" ORDER BY "schema_migrations"."version" ASC[0m
Started GET "/api/products" for 172.18.0.1 at 2026-07-26 10:28:52 +0000
  [1m[36mActiveRecord::SchemaMigration Load (2.8ms)[0m  [1m[34mSELECT "schema_migrations"."version" FROM "schema_migrations" ORDER BY "schema_migrations"."version" ASC[0m
Processing by Api::V1::ProductsController#index as HTML
  [1m[36mProduct Load (1.3ms)[0m  [1m[34mSELECT "products".* FROM "products"[0m
  ↳ app/controllers/api/v1/products_controller.rb:8:in 'Api::V1::ProductsController#index'
Completed 200 OK in 89ms (Views: 39.9ms | ActiveRecord: 25.9ms | Allocations: 16206)


Started GET "/api/products" for 172.18.0.1 at 2026-07-26 10:28:57 +0000
  [1m[36mActiveRecord::SchemaMigration Load (2.8ms)[0m  [1m[34mSELECT "schema_migrations"."version" FROM "schema_migrations" ORDER BY "schema_migrations"."version" ASC[0m
Processing by Api::V1::ProductsController#index as */*
  [1m[36mProduct Load (2.0ms)[0m  [1m[34mSELECT "products".* FROM "products"[0m
  ↳ app/controllers/api/v1/products_controller.rb:8:in 'Api::V1::ProductsController#index'
Completed 200 OK in 114ms (Views: 52.6ms | ActiveRecord: 30.2ms | Allocations: 14538)


Started POST "/api/products" for 172.18.0.1 at 2026-07-26 10:29:00 +0000
Processing by Api::V1::ProductsController#create as */*
  Parameters: {"name" => "fgdg", "description" => "fdgfdg", "price" => 77, "product" => {"name" => "fgdg", "description" => "fdgfdg", "price" => 77}}
  [1m[36mTRANSACTION (0.7ms)[0m  [1m[35mBEGIN[0m
  ↳ app/controllers/api/v1/products_controller.rb:17:in 'Api::V1::ProductsController#create'
  [1m[36mProduct Create (7.5ms)[0m  [1m[32mINSERT INTO "products" ("name", "description", "price", "created_at") VALUES ($1, $2, $3, $4) RETURNING "id", "created_at"[0m  [["name", "fgdg"], ["description", "fdgfdg"], ["price", "77.0"], ["created_at", "2026-07-26 10:29:00.206459"]]
  ↳ app/controllers/api/v1/products_controller.rb:17:in 'Api::V1::ProductsController#create'
  [1m[36mTRANSACTION (41.4ms)[0m  [1m[35mCOMMIT[0m
  ↳ app/controllers/api/v1/products_controller.rb:17:in 'Api::V1::ProductsController#create'
Completed 201 Created in 62ms (Views: 1.2ms | ActiveRecord: 49.4ms | Allocations: 2501)


Started GET "/api/products" for 172.18.0.1 at 2026-07-26 10:29:00 +0000
Processing by Api::V1::ProductsController#index as */*
  [1m[36mProduct Load (0.8ms)[0m  [1m[34mSELECT "products".* FROM "products"[0m
  ↳ app/controllers/api/v1/products_controller.rb:8:in 'Api::V1::ProductsController#index'
Completed 200 OK in 7ms (Views: 5.4ms | ActiveRecord: 0.8ms | Allocations: 748)


Started POST "/api/products" for 172.18.0.1 at 2026-07-26 10:29:05 +0000
Processing by Api::V1::ProductsController#create as */*
  Parameters: {"name" => "hgjg", "description" => "jhgjg", "price" => 22, "product" => {"name" => "hgjg", "description" => "jhgjg", "price" => 22}}
  [1m[36mTRANSACTION (0.7ms)[0m  [1m[35mBEGIN[0m
  ↳ app/controllers/api/v1/products_controller.rb:17:in 'Api::V1::ProductsController#create'
  [1m[36mProduct Create (5.5ms)[0m  [1m[32mINSERT INTO "products" ("name", "description", "price", "created_at") VALUES ($1, $2, $3, $4) RETURNING "id", "created_at"[0m  [["name", "hgjg"], ["description", "jhgjg"], ["price", "22.0"], ["created_at", "2026-07-26 10:29:05.459711"]]
  ↳ app/controllers/api/v1/products_controller.rb:17:in 'Api::V1::ProductsController#create'
  [1m[36mTRANSACTION (41.1ms)[0m  [1m[35mCOMMIT[0m
  ↳ app/controllers/api/v1/products_controller.rb:17:in 'Api::V1::ProductsController#create'
Completed 201 Created in 55ms (Views: 0.6ms | ActiveRecord: 47.2ms | Allocations: 1689)


Started GET "/api/products" for 172.18.0.1 at 2026-07-26 10:29:05 +0000
Processing by Api::V1::ProductsController#index as */*
  [1m[36mProduct Load (1.5ms)[0m  [1m[34mSELECT "products".* FROM "products"[0m
  ↳ app/controllers/api/v1/products_controller.rb:8:in 'Api::V1::ProductsController#index'
Completed 200 OK in 6ms (Views: 3.9ms | ActiveRecord: 1.5ms | Allocations: 792)


Started GET "/api/products" for 172.18.0.1 at 2026-07-26 10:29:06 +0000
Processing by Api::V1::ProductsController#index as */*
  [1m[36mProduct Load (1.1ms)[0m  [1m[34mSELECT "products".* FROM "products"[0m
  ↳ app/controllers/api/v1/products_controller.rb:8:in 'Api::V1::ProductsController#index'
Completed 200 OK in 4ms (Views: 2.5ms | ActiveRecord: 1.0ms | Allocations: 796)


Started DELETE "/api/products/3" for 172.18.0.1 at 2026-07-26 10:29:07 +0000
Processing by Api::V1::ProductsController#destroy as */*
  Parameters: {"id" => "3"}
  [1m[36mProduct Load (0.4ms)[0m  [1m[34mSELECT "products".* FROM "products" WHERE "products"."id" = $1 LIMIT $2[0m  [["id", 3], ["LIMIT", 1]]
  ↳ app/controllers/api/v1/products_controller.rb:40:in 'Api::V1::ProductsController#set_product'
  [1m[36mTRANSACTION (0.3ms)[0m  [1m[35mBEGIN[0m
  ↳ app/controllers/api/v1/products_controller.rb:33:in 'Api::V1::ProductsController#destroy'
  [1m[36mProduct Destroy (1.8ms)[0m  [1m[31mDELETE FROM "products" WHERE "products"."id" = $1[0m  [["id", 3]]
  ↳ app/controllers/api/v1/products_controller.rb:33:in 'Api::V1::ProductsController#destroy'
  [1m[36mTRANSACTION (7.7ms)[0m  [1m[35mCOMMIT[0m
  ↳ app/controllers/api/v1/products_controller.rb:33:in 'Api::V1::ProductsController#destroy'
Completed 204 No Content in 30ms (ActiveRecord: 10.4ms | Allocations: 2496)


Started GET "/api/products" for 172.18.0.1 at 2026-07-26 10:29:07 +0000
Processing by Api::V1::ProductsController#index as */*
  [1m[36mProduct Load (0.7ms)[0m  [1m[34mSELECT "products".* FROM "products"[0m
  ↳ app/controllers/api/v1/products_controller.rb:8:in 'Api::V1::ProductsController#index'
Completed 200 OK in 3ms (Views: 1.7ms | ActiveRecord: 0.6ms | Allocations: 748)


Started DELETE "/api/products/4" for 172.18.0.1 at 2026-07-26 10:29:08 +0000
Processing by Api::V1::ProductsController#destroy as */*
  Parameters: {"id" => "4"}
  [1m[36mProduct Load (1.2ms)[0m  [1m[34mSELECT "products".* FROM "products" WHERE "products"."id" = $1 LIMIT $2[0m  [["id", 4], ["LIMIT", 1]]
  ↳ app/controllers/api/v1/products_controller.rb:40:in 'Api::V1::ProductsController#set_product'
  [1m[36mTRANSACTION (0.6ms)[0m  [1m[35mBEGIN[0m
  ↳ app/controllers/api/v1/products_controller.rb:33:in 'Api::V1::ProductsController#destroy'
  [1m[36mProduct Destroy (4.8ms)[0m  [1m[31mDELETE FROM "products" WHERE "products"."id" = $1[0m  [["id", 4]]
  ↳ app/controllers/api/v1/products_controller.rb:33:in 'Api::V1::ProductsController#destroy'
  [1m[36mTRANSACTION (41.5ms)[0m  [1m[35mCOMMIT[0m
  ↳ app/controllers/api/v1/products_controller.rb:33:in 'Api::V1::ProductsController#destroy'
Completed 204 No Content in 59ms (ActiveRecord: 47.8ms | Allocations: 1716)


Started GET "/api/products" for 172.18.0.1 at 2026-07-26 10:29:08 +0000
Processing by Api::V1::ProductsController#index as */*
  [1m[36mProduct Load (1.7ms)[0m  [1m[34mSELECT "products".* FROM "products"[0m
  ↳ app/controllers/api/v1/products_controller.rb:8:in 'Api::V1::ProductsController#index'
Completed 200 OK in 6ms (Views: 4.0ms | ActiveRecord: 1.6ms | Allocations: 704)


